[blur.io/index.html]
[backblue.gif]
[fade.gif]
[index.html]
[imgs.blur.io/_assets/common/og.png]
[blur.io/homepage/fonts/ProtoMono/ProtoMono-Light.otf]
[blur.io/homepage/fonts/ProtoMono/ProtoMono-Regular.otf]
[blur.io/homepage/img/homepage/dots_pattern.png]
[blur.io/homepage/fonts/ProtoMono/ProtoMono-Bold.otf]
[blur.io/homepage/img/homepage/progress_bar_dots_orange.png]
[blur.io/homepage/_next/static/chunks/polyfills-c67a75d1b6f99dc8.js]
[blur.io/homepage/_next/static/chunks/webpack-109187a9f7f0fb04.js]
[blur.io/homepage/_next/static/chunks/framework-85b7cf621d06094b.js]
[blur.io/homepage/_next/static/chunks/main-2d2927361b370536.js]
[blur.io/homepage/_next/static/chunks/pages/_app-63d0469b95c44ee6.js]
[blur.io/homepage/_next/static/chunks/884-fe84ed741c48b42a.js]
[blur.io/homepage/_next/static/chunks/pages/index-093199576408b161.js]
[blur.io/homepage/_next/static/owgWcqpaKfB3beV-f1keB/_buildManifest.js]
[blur.io/homepage/_next/static/owgWcqpaKfB3beV-f1keB/_ssgManifest.js]
[blur.io/homepage/img/logo.gif]
[blur.io/homepage/img/wallet.svg]
[blur.io/homepage/img/homepage/avatars/paradigm.png]
[blur.io/homepage/img/homepage/avatars/punk.jpg]
[blur.io/homepage/img/homepage/avatars/keyboard_monkey.png]
[blur.io/homepage/img/homepage/avatars/zeneca.png]
[blur.io/homepage/img/homepage/avatars/egirl_capital.png]
[blur.io/homepage/img/homepage/avatars/deeze.jpg]
[blur.io/homepage/img/homepage/avatars/cozomo.jpg]
[blur.io/homepage/img/homepage/avatars/dhof.jpg]
[blur.io/homepage/img/homepage/shine_left.png]
[blur.io/homepage/img/homepage/shine_right.png]
[blur.io/index.html]
[blur.io/homepage/img/wallet.svg]
